// Jest Snapshot v1, https://goo.gl/fbAQLP

exports[`<SelectListInstructionMode> Given a class search form snapshot 1`] = `
Array [
  <HTMLSelect
    className="select-instruction-mode"
    onChange={[Function]}
    options={
      Array [
        Object {
          "label": "Add instruction mode",
          "value": "all",
        },
        Object {
          "label": "Classroom",
          "value": "p",
        },
        Object {
          "label": "Online",
          "value": "ol",
        },
        Object {
          "label": "Hybrid",
          "value": "hc",
        },
      ]
    }
    value="all"
  >
    <div
      className="bp3-html-select select-instruction-mode"
    >
      <select
        multiple={false}
        onChange={[Function]}
        value="all"
      >
        <option
          key="all"
          label="Add instruction mode"
          value="all"
        >
          Add instruction mode
        </option>
        <option
          key="p"
          label="Classroom"
          value="p"
        >
          Classroom
        </option>
        <option
          key="ol"
          label="Online"
          value="ol"
        >
          Online
        </option>
        <option
          key="hc"
          label="Hybrid"
          value="hc"
        >
          Hybrid
        </option>
      </select>
      <Blueprint3.Icon
        icon="double-caret-vertical"
      >
        <span
          className="bp3-icon bp3-icon-double-caret-vertical"
          icon="double-caret-vertical"
        >
          <svg
            data-icon="double-caret-vertical"
            height={16}
            viewBox="0 0 16 16"
            width={16}
          >
            <desc>
              double-caret-vertical
            </desc>
            <path
              d="M5 7h6a1.003 1.003 0 00.71-1.71l-3-3C8.53 2.11 8.28 2 8 2s-.53.11-.71.29l-3 3A1.003 1.003 0 005 7zm6 2H5a1.003 1.003 0 00-.71 1.71l3 3c.18.18.43.29.71.29s.53-.11.71-.29l3-3A1.003 1.003 0 0011 9z"
              fillRule="evenodd"
              key="0"
            />
          </svg>
        </span>
      </Blueprint3.Icon>
    </div>
  </HTMLSelect>,
  <div
    className="bp3-html-select select-instruction-mode"
  >
    <select
      multiple={false}
      onChange={[Function]}
      value="all"
    >
      <option
        key="all"
        label="Add instruction mode"
        value="all"
      >
        Add instruction mode
      </option>
      <option
        key="p"
        label="Classroom"
        value="p"
      >
        Classroom
      </option>
      <option
        key="ol"
        label="Online"
        value="ol"
      >
        Online
      </option>
      <option
        key="hc"
        label="Hybrid"
        value="hc"
      >
        Hybrid
      </option>
    </select>
    <Blueprint3.Icon
      icon="double-caret-vertical"
    >
      <span
        className="bp3-icon bp3-icon-double-caret-vertical"
        icon="double-caret-vertical"
      >
        <svg
          data-icon="double-caret-vertical"
          height={16}
          viewBox="0 0 16 16"
          width={16}
        >
          <desc>
            double-caret-vertical
          </desc>
          <path
            d="M5 7h6a1.003 1.003 0 00.71-1.71l-3-3C8.53 2.11 8.28 2 8 2s-.53.11-.71.29l-3 3A1.003 1.003 0 005 7zm6 2H5a1.003 1.003 0 00-.71 1.71l3 3c.18.18.43.29.71.29s.53-.11.71-.29l3-3A1.003 1.003 0 0011 9z"
            fillRule="evenodd"
            key="0"
          />
        </svg>
      </span>
    </Blueprint3.Icon>
  </div>,
]
`;
