// Jest Snapshot v1, https://goo.gl/fbAQLP

exports[`Course number component Given a class search form snapshot 1`] = `
<input
  className="course-number"
  dir="auto"
  onChange={[Function]}
  onKeyDown={[Function]}
  placeholder="E.g. 602"
  type="text"
  value=""
/>
`;
