// Jest Snapshot v1, https://goo.gl/fbAQLP

exports[`test class search form component Class search form component snapshot 1`] = `
<div>
  <ClassSearchForm
    campus="both"
    classes={Array []}
    endTime={1899-01-02T04:00:00.000Z}
    instructionMode="all"
    instructorName=""
    instructors={Array []}
    isReset={false}
    meetingDate={
      Object {
        "all": true,
        "fri": false,
        "mon": false,
        "sat": false,
        "sun": false,
        "thu": false,
        "tue": false,
        "wed": false,
      }
    }
    onChangeOfCampus={[Function]}
    onChangeOfCourseNo={[Function]}
    onChangeOfEndTime={[Function]}
    onChangeOfInstructionMode={[Function]}
    onChangeOfInstructor={[Function]}
    onChangeOfMeetingDate={[Function]}
    onChangeOfQuarter={[Function]}
    onChangeOfStartTime={[Function]}
    onChangeOfSubject={[Function]}
    onReset={[Function]}
    onSubmit={[Function]}
    quarter="current"
    showGeClasses={false}
    startTime={1899-01-01T16:00:00.000Z}
    subjects={Array []}
    toggleGeClasses={[Function]}
  />
</div>
`;
