// Jest Snapshot v1, https://goo.gl/fbAQLP

exports[`test radio group instruction mode component snapshot 1`] = `
<SelectListInstructionMode
  instructionMode="both"
  onChangeOfInstructionMode={[MockFunction]}
>
  <Component>
    <label
      className="bp3-label"
    >
      Instruction Mode
      <div
        className="bp3-select"
      >
        <select
          onChange={[Function]}
        >
          <option
            label="All"
            value="all"
          />
          <option
            label="Classroom"
            value="p"
          />
          <option
            label="Online"
            value="ol"
          />
          <option
            label="Online CourseMatch Instruction"
            value="cm"
          />
          <option
            label="Online Asynchronous and/or Synchronous Instruction (in compliance with AB386)"
            value="fo"
          />
          <option
            label="Hybrid Online Asynchronous and Synchronous Instruction"
            value="ho"
          />
          <option
            label="Hybrid Classroom and Online Instruction"
            value="hc"
          />
          <option
            label="Off-Campus "
            value="oc"
          />
          <option
            label="Televised Instruction (origination site)"
            value="to"
          />
          <option
            label="Televised Instruction (receiving site)"
            value="tr"
          />
          <option
            label="Zero Unit Instruction "
            value="z"
          />
        </select>
      </div>
    </label>
  </Component>
</SelectListInstructionMode>
`;
