// Jest Snapshot v1, https://goo.gl/fbAQLP

exports[`GE classes attributes component Given a select list for GE course attributes snapshot 1`] = `
Array [
  <HTMLSelect
    className="select-ge-classes-attr"
    id="ge-classes-attributes"
    onChange={[Function]}
    options={Array []}
    value=""
  >
    <div
      className="bp3-html-select select-ge-classes-attr"
    >
      <select
        id="ge-classes-attributes"
        multiple={false}
        onChange={[Function]}
        value=""
      />
      <Blueprint3.Icon
        icon="double-caret-vertical"
      >
        <span
          className="bp3-icon bp3-icon-double-caret-vertical"
          icon="double-caret-vertical"
        >
          <svg
            data-icon="double-caret-vertical"
            height={16}
            viewBox="0 0 16 16"
            width={16}
          >
            <desc>
              double-caret-vertical
            </desc>
            <path
              d="M5 7h6a1.003 1.003 0 00.71-1.71l-3-3C8.53 2.11 8.28 2 8 2s-.53.11-.71.29l-3 3A1.003 1.003 0 005 7zm6 2H5a1.003 1.003 0 00-.71 1.71l3 3c.18.18.43.29.71.29s.53-.11.71-.29l3-3A1.003 1.003 0 0011 9z"
              fillRule="evenodd"
              key="0"
            />
          </svg>
        </span>
      </Blueprint3.Icon>
    </div>
  </HTMLSelect>,
  <div
    className="bp3-html-select select-ge-classes-attr"
  >
    <select
      id="ge-classes-attributes"
      multiple={false}
      onChange={[Function]}
      value=""
    />
    <Blueprint3.Icon
      icon="double-caret-vertical"
    >
      <span
        className="bp3-icon bp3-icon-double-caret-vertical"
        icon="double-caret-vertical"
      >
        <svg
          data-icon="double-caret-vertical"
          height={16}
          viewBox="0 0 16 16"
          width={16}
        >
          <desc>
            double-caret-vertical
          </desc>
          <path
            d="M5 7h6a1.003 1.003 0 00.71-1.71l-3-3C8.53 2.11 8.28 2 8 2s-.53.11-.71.29l-3 3A1.003 1.003 0 005 7zm6 2H5a1.003 1.003 0 00-.71 1.71l3 3c.18.18.43.29.71.29s.53-.11.71-.29l3-3A1.003 1.003 0 0011 9z"
            fillRule="evenodd"
            key="0"
          />
        </svg>
      </span>
    </Blueprint3.Icon>
  </div>,
]
`;

exports[`GE classes attributes component and Fall 2020 is selected as a term should display options related to semester term 1`] = `"<label for=\\"ge-classes-attributes\\" class=\\"bp3-label\\">GE Classes</label><div class=\\"bp3-html-select select-ge-classes-attr\\"><select id=\\"ge-classes-attributes\\"><option value=\\"\\" label=\\"All\\">All</option><option label=\\"GE-A1 Oral Communication\\" value=\\"GE-A1\\">GE-A1 Oral Communication</option><option label=\\"GE-A2 Written Communication\\" value=\\"GE-A2\\">GE-A2 Written Communication</option><option label=\\"GE-A3 Critical Thinking\\" value=\\"GE-A3\\">GE-A3 Critical Thinking</option><option label=\\"GE-B1 Physical Science\\" value=\\"GE-B1\\">GE-B1 Physical Science</option><option label=\\"GE-B2 Life Science\\" value=\\"GE-B2\\">GE-B2 Life Science</option><option label=\\"GE-B3 Laboratory Activity\\" value=\\"GE-B3\\">GE-B3 Laboratory Activity</option><option label=\\"GE-B4 Mathematics/Quant. Reasoning\\" value=\\"GE-B4\\">GE-B4 Mathematics/Quant. Reasoning</option><option label=\\"GE-B5 UD Scientific Inquiry &amp; Quant.\\" value=\\"GE-B5\\">GE-B5 UD Scientific Inquiry &amp; Quant.</option><option label=\\"GE-C1 Arts\\" value=\\"GE-C1\\">GE-C1 Arts</option><option label=\\"GE-C2 Humanities\\" value=\\"GE-C2\\">GE-C2 Humanities</option><option label=\\"GE-C3 Additional C1 or C2 Course\\" value=\\"GE-C3\\">GE-C3 Additional C1 or C2 Course</option><option label=\\"GE-C4 UD Arts and Humanities\\" value=\\"GE-C4\\">GE-C4 UD Arts and Humanities</option><option label=\\"GE-D1 United States Government\\" value=\\"GE-D1\\">GE-D1 United States Government</option><option label=\\"GE-D2 United States History\\" value=\\"GE-D2\\">GE-D2 United States History</option><option label=\\"GE-D3 Social Sciences Discipline\\" value=\\"GE-D3\\">GE-D3 Social Sciences Discipline</option><option label=\\"GE-D4 UD Social Sciences\\" value=\\"GE-D4\\">GE-D4 UD Social Sciences</option><option label=\\"GE-E  First-Year Seminar\\" value=\\"GE-E\\">GE-E  First-Year Seminar</option></select><span icon=\\"double-caret-vertical\\" class=\\"bp3-icon bp3-icon-double-caret-vertical\\"><svg data-icon=\\"double-caret-vertical\\" width=\\"16\\" height=\\"16\\" viewBox=\\"0 0 16 16\\"><desc>double-caret-vertical</desc><path d=\\"M5 7h6a1.003 1.003 0 00.71-1.71l-3-3C8.53 2.11 8.28 2 8 2s-.53.11-.71.29l-3 3A1.003 1.003 0 005 7zm6 2H5a1.003 1.003 0 00-.71 1.71l3 3c.18.18.43.29.71.29s.53-.11.71-.29l3-3A1.003 1.003 0 0011 9z\\" fill-rule=\\"evenodd\\"></path></svg></span></div>"`;

exports[`GE classes attributes component and Summer 2020 is selected as a term should display options related to quarter term 1`] = `"<label for=\\"ge-classes-attributes\\" class=\\"bp3-label\\">GE Classes</label><div class=\\"bp3-html-select select-ge-classes-attr\\"><select id=\\"ge-classes-attributes\\"><option value=\\"\\" label=\\"All\\">All</option><option value=\\"ge-foo\\" label=\\"GE-FOO\\">GE-FOO</option></select><span icon=\\"double-caret-vertical\\" class=\\"bp3-icon bp3-icon-double-caret-vertical\\"><svg data-icon=\\"double-caret-vertical\\" width=\\"16\\" height=\\"16\\" viewBox=\\"0 0 16 16\\"><desc>double-caret-vertical</desc><path d=\\"M5 7h6a1.003 1.003 0 00.71-1.71l-3-3C8.53 2.11 8.28 2 8 2s-.53.11-.71.29l-3 3A1.003 1.003 0 005 7zm6 2H5a1.003 1.003 0 00-.71 1.71l3 3c.18.18.43.29.71.29s.53-.11.71-.29l3-3A1.003 1.003 0 0011 9z\\" fill-rule=\\"evenodd\\"></path></svg></span></div>"`;
