// Jest Snapshot v1, https://goo.gl/fbAQLP

exports[`GE classes(Semester) component snapshot Given a GE classes(Semester) component snapshot 1`] = `null`;
